============================= test session starts ==============================
platform darwin -- Python 3.9.6, pytest-8.4.2, pluggy-1.6.0 -- /Library/Developer/CommandLineTools/usr/bin/python3
cachedir: .pytest_cache
rootdir: /Users/princetinna/Documents/quant_dashboard2
plugins: mock-3.15.1
collecting ... collected 1 item

tests/test_ui.py::test_ui_insufficient_data_warning FAILED               [100%]

=================================== FAILURES ===================================
______________________ test_ui_insufficient_data_warning _______________________

    def test_ui_insufficient_data_warning():
        """
        Integration test using Streamlit AppTest to verify that the UI
        correctly identifies and warns the user when the selected
        rolling window (e.g., 252 days) exceeds the available
        historical data for an asset.
        """
        at = AppTest.from_file("ui/app.py")
    
        # Setup: Mock the data pipeline to return only 10 days of history
        mock_data = pd.DataFrame(
            np.random.randn(10, 1),
            columns=["^NSEI"],
            index=pd.date_range("2024-01-01", periods=10)
        )
    
        # Mock the universe to match our mock data
        mock_universe = {"^NSEI": {"name": "Nifty 50", "class": "Equity", "type": "PR", "inception": "2024-01-01"}}
    
>       with patch("ui.app.load_and_validate_matrix", return_value=mock_data), \
             patch("ui.app.load_universe", return_value=mock_universe):

tests/test_ui.py:26: 
_ _ _ _ _ _ _ _ _ _ _ _ _ _ _ _ _ _ _ _ _ _ _ _ _ _ _ _ _ _ _ _ _ _ _ _ _ _ _ _ 
/Library/Developer/CommandLineTools/Library/Frameworks/Python3.framework/Versions/3.9/lib/python3.9/unittest/mock.py:1405: in __enter__
    original, local = self.get_original()
_ _ _ _ _ _ _ _ _ _ _ _ _ _ _ _ _ _ _ _ _ _ _ _ _ _ _ _ _ _ _ _ _ _ _ _ _ _ _ _ 

self = <unittest.mock._patch object at 0x12af76fa0>

    def get_original(self):
        target = self.getter()
        name = self.attribute
    
        original = DEFAULT
        local = False
    
        try:
            original = target.__dict__[name]
        except (AttributeError, KeyError):
            original = getattr(target, name, DEFAULT)
        else:
            local = True
    
        if name in _builtins and isinstance(target, ModuleType):
            self.create = True
    
        if not self.create and original is DEFAULT:
>           raise AttributeError(
                "%s does not have the attribute %r" % (target, name)
            )
E           AttributeError: <module 'ui.app' from '/Users/princetinna/Documents/quant_dashboard2/ui/app.py'> does not have the attribute 'load_and_validate_matrix'

/Library/Developer/CommandLineTools/Library/Frameworks/Python3.framework/Versions/3.9/lib/python3.9/unittest/mock.py:1378: AttributeError
----------------------------- Captured stderr call -----------------------------
2026-05-16 09:01:31.499 WARNING streamlit.runtime.scriptrunner_utils.script_run_context: Thread 'MainThread': missing ScriptRunContext! This warning can be ignored when running in bare mode.
2026-05-16 09:01:32.577 WARNING streamlit.runtime.scriptrunner_utils.script_run_context: Thread 'MainThread': missing ScriptRunContext! This warning can be ignored when running in bare mode.
2026-05-16 09:01:32.577 WARNING streamlit.runtime.caching.cache_data_api: No runtime found, using MemoryCacheStorageManager
2026-05-16 09:01:32.579 WARNING streamlit.runtime.caching.cache_data_api: No runtime found, using MemoryCacheStorageManager
=============================== warnings summary ===============================
tests/test_ui.py::test_ui_insufficient_data_warning
  /Users/princetinna/Library/Python/3.9/lib/python/site-packages/urllib3/__init__.py:35: NotOpenSSLWarning: urllib3 v2 only supports OpenSSL 1.1.1+, currently the 'ssl' module is compiled with 'LibreSSL 2.8.3'. See: https://github.com/urllib3/urllib3/issues/3020
    warnings.warn(

-- Docs: https://docs.pytest.org/en/stable/how-to/capture-warnings.html
=========================== short test summary info ============================
FAILED tests/test_ui.py::test_ui_insufficient_data_warning - AttributeError: ...
========================= 1 failed, 1 warning in 1.65s =========================
